<html>
<body>
<pre>
<h1>µVision Build Log</h1>
<h2>Project:</h2>
C:\Users\logan\Documents\445L\Sample Projects\ValvanoWareTM4C123\Lab5\Lab5.uvproj
Project File Date:  10/08/2018

<h2>Output:</h2>
Rebuild target 'Lab5'
assembling startup.s...
compiling Timer0A.c...
compiling PLL.c...
compiling Switch.c...
compiling DAC.c...
compiling ST7735.c...
compiling Lab5.c...
compiling Music.c...
compiling Timer1.c...
linking...
Program Size: Code=3998 RO-data=2274 RW-data=540 ZI-data=1124  
".\Lab5.axf" - 0 Error(s), 0 Warning(s).
Load "C:\\Users\\logan\\Documents\\445L\\Sample Projects\\ValvanoWareTM4C123\\Lab5\\Lab5.axf" 
Connecting: Mode=JTAG, Speed=1000000Hz
Erase Done.
Programming Done.
Verify OK.
